[06:36:43] [ServerMain/INFO]: [bootstrap] Running Java 25 (OpenJDK 64-Bit Server VM 25.0.3+9-2-24.04.2-Ubuntu; Ubuntu null) on Linux 6.8.0-1052-azure (amd64)
[06:36:43] [ServerMain/INFO]: [bootstrap] Loading Paper 26.1.2-60-main@b4682bf (2026-05-04T06:25:04Z) for Minecraft 26.1.2
[06:36:43] [ServerMain/INFO]: [PluginInitializerManager] Initializing plugins...
[06:36:44] [ServerMain/INFO]: [PluginInitializerManager] Initialized 6 plugins
[06:36:44] [ServerMain/INFO]: [PluginInitializerManager] Bukkit plugins (6):
 - AxGraves (1.29.0), ClansLite (1.6.4), Essentials (2.22.0), GSit (3.4.2), LuckPerms (5.5.53), SkinsRestorer (15.12.3)
[06:36:49] [ServerMain/INFO]: Environment: Environment[sessionHost=https://sessionserver.mojang.com, servicesHost=https://api.minecraftservices.com, profilesHost=https://api.mojang.com, name=PROD]
[06:36:50] [ServerMain/INFO]: Loaded 1515 recipes
[06:36:50] [ServerMain/INFO]: Loaded 1617 advancements
[06:36:50] [ServerMain/INFO]: [ca.spottedleaf.dataconverter.minecraft.datatypes.MCTypeRegistry] Initialising converters for DataConverter...
[06:36:51] [ServerMain/INFO]: [ca.spottedleaf.dataconverter.minecraft.datatypes.MCTypeRegistry] Finished initialising converters for DataConverter in 482.7ms
[06:36:51] [Server thread/INFO]: Starting minecraft server version 26.1.2
[06:36:51] [Server thread/INFO]: Loading properties
[06:36:51] [Server thread/INFO]: This server is running Paper version 26.1.2-60-main@b4682bf (2026-05-04T06:25:04Z) (Implementing API version 26.1.2.build.60-stable)
[06:36:51] [Server thread/INFO]: [spark] This server bundles the spark profiler. For more information please visit https://docs.papermc.io/paper/profiling
[06:36:51] [Server thread/INFO]: Server Ping Player Sample Count: 12
[06:36:51] [Server thread/INFO]: Using 4 threads for Netty based IO
[06:36:53] [Server thread/INFO]: [MoonriseCommon] Paper is using 1 worker threads, 1 I/O threads
[06:36:53] [Server thread/INFO]: Default game type: SURVIVAL
[06:36:53] [Server thread/INFO]: Generating keypair
[06:36:53] [Server thread/INFO]: Starting Minecraft server on *:25565
[06:36:54] [Server thread/INFO]: Paper: Using libdeflate (Linux x86_64) compression from Velocity.
[06:36:54] [Server thread/INFO]: Paper: Using OpenSSL 3.x.x (Linux x86_64) cipher from Velocity.
[06:36:54] [Server thread/INFO]: [SpigotLibraryLoader] [ClansLite] Loading 3 libraries... please wait
[06:36:54] [Server thread/INFO]: [SpigotLibraryLoader] [ClansLite] Loaded library /workspaces/dfffddsfdsf/servidor_minecraft/libraries/commons-codec/commons-codec/1.19.0/commons-codec-1.19.0.jar
[06:36:54] [Server thread/INFO]: [SpigotLibraryLoader] [ClansLite] Loaded library /workspaces/dfffddsfdsf/servidor_minecraft/libraries/org/apache/commons/commons-lang3/3.18.0/commons-lang3-3.18.0.jar
[06:36:54] [Server thread/INFO]: [SpigotLibraryLoader] [ClansLite] Loaded library /workspaces/dfffddsfdsf/servidor_minecraft/libraries/commons-lang/commons-lang/1.0.1/commons-lang-1.0.1.jar
[06:36:54] [Server thread/INFO]: [LuckPerms] Loading server plugin LuckPerms v5.5.53
[06:36:55] [Server thread/INFO]: [LuckPerms] Loading configuration...
[06:36:55] [Server thread/INFO]: [Essentials] Loading server plugin Essentials v2.22.0
[06:36:55] [Server thread/INFO]: [SkinsRestorer] Loading server plugin SkinsRestorer v15.12.3
[06:36:55] [Server thread/INFO]: [GSit] Loading server plugin GSit v3.4.2
[06:36:55] [Server thread/INFO]: [ClansLite] Loading server plugin ClansLite v1.6.4
[06:36:55] [Server thread/INFO]: ClansLite:  [warning] - -------------------------------------------
[06:36:55] [Server thread/INFO]: ClansLite:  [warning] - Your server version is: 26.1.2-60-b4682bf (MC: 26.1.2)
[06:36:55] [Server thread/INFO]: ClansLite:  [warning] - This plugin is only tested on the Minecraft versions listed below:
[06:36:55] [Server thread/INFO]: ClansLite:  [warning] - 1.16.x
[06:36:55] [Server thread/INFO]: ClansLite:  [warning] - 1.17.x
[06:36:55] [Server thread/INFO]: ClansLite:  [warning] - 1.18.x
[06:36:55] [Server thread/INFO]: ClansLite:  [warning] - 1.19.x
[06:36:55] [Server thread/INFO]: ClansLite:  [warning] - 1.20.x
[06:36:55] [Server thread/INFO]: ClansLite:  [warning] - 1.21.x
[06:36:55] [Server thread/INFO]: ClansLite:  [warning] - 26.x.x
[06:36:55] [Server thread/INFO]: ClansLite:  [warning] - NO SUPPORT OR DEVELOPMENT HELP IS GUARANTEED FOR OTHER VERSIONS!
[06:36:55] [Server thread/INFO]: ClansLite:  [warning] - -------------------------------------------
[06:36:55] [Server thread/INFO]: ClansLite:  -------------------------------------------
[06:36:55] [Server thread/INFO]: ClansLite:  ClansLite-API has been registered successfully!
[06:36:55] [Server thread/INFO]: ClansLite:  -------------------------------------------
[06:36:55] [Server thread/INFO]: [AxGraves] Loading server plugin AxGraves v1.29.0
[06:36:55] [Server thread/INFO]: Server permissions file permissions.yml is empty, ignoring it
[06:36:55] [Server thread/INFO]: [LuckPerms] Enabling LuckPerms v5.5.53
[06:36:55] [Server thread/INFO]:         __    
[06:36:55] [Server thread/INFO]:   |    |__)   LuckPerms v5.5.53
[06:36:55] [Server thread/INFO]:   |___ |      Running on Bukkit - Paper
[06:36:55] [Server thread/INFO]: 
[06:36:55] [Server thread/INFO]: [LuckPerms] Loading storage provider... [H2]
[06:36:56] [Server thread/INFO]: [LuckPerms] Loading internal permission managers...
[06:36:56] [Server thread/INFO]: [LuckPerms] Performing initial data load...
[06:36:56] [Server thread/INFO]: [LuckPerms] Successfully enabled. (took 1147ms)
[06:36:56] [Server thread/INFO]: [SkinsRestorer] Enabling SkinsRestorer v15.12.3
[06:36:57] [Server thread/INFO]: [SkinsRestorer] Running on Minecraft 26.1.2.
[06:36:58] [Server thread/INFO]: [SkinsRestorer] Using paper join listener!
[06:36:58] [Server thread/WARN]: **** SERVER IS RUNNING IN OFFLINE/INSECURE MODE!
[06:36:58] [Server thread/WARN]: The server will make no attempt to authenticate usernames. Beware.
[06:36:58] [Server thread/WARN]: While this makes the game possible to play without internet access, it also opens up the ability for hackers to connect with any username they choose.
[06:36:58] [Server thread/WARN]: To change this, set "online-mode" to "true" in the server.properties file.
[06:36:58] [Server thread/INFO]: Preparing level "world"
[06:36:58] [Folia Async Scheduler Thread #1/INFO]: [SkinsRestorer] ----------------------------------------------
[06:36:58] [Folia Async Scheduler Thread #1/INFO]: [SkinsRestorer]     +===================+
[06:36:58] [Folia Async Scheduler Thread #1/INFO]: [SkinsRestorer]     |   SkinsRestorer   |
[06:36:58] [Folia Async Scheduler Thread #1/INFO]: [SkinsRestorer]     |-------------------|
[06:36:58] [Folia Async Scheduler Thread #1/INFO]: [SkinsRestorer]     |  Standalone Mode  |
[06:36:58] [Folia Async Scheduler Thread #1/INFO]: [SkinsRestorer]     +===================+
[06:36:58] [Folia Async Scheduler Thread #1/INFO]: [SkinsRestorer] ----------------------------------------------
[06:36:58] [Folia Async Scheduler Thread #1/INFO]: [SkinsRestorer]     Version: 15.12.3
[06:36:58] [Folia Async Scheduler Thread #1/INFO]: [SkinsRestorer]     Commit: 03cc9fd
[06:36:58] [Folia Async Scheduler Thread #1/INFO]: [SkinsRestorer]     This is the latest version!
[06:36:58] [Folia Async Scheduler Thread #1/INFO]: [SkinsRestorer] ----------------------------------------------
[06:36:58] [Folia Async Scheduler Thread #1/INFO]: [SkinsRestorer] Do you have issues? Read our troubleshooting guide: https://skinsrestorer.net/docs/troubleshooting
[06:36:58] [Folia Async Scheduler Thread #1/INFO]: [SkinsRestorer] Want to support SkinsRestorer or receive priority support? Become a supporter: https://skinsrestorer.net/pricing
[06:36:59] [Server thread/INFO]: Loading 0 persistent chunks for level 'minecraft:overworld'...
[06:36:59] [Server thread/INFO]: Prepared spawn area in 1 ms
[06:36:59] [Server thread/INFO]: Loading 0 persistent chunks for level 'minecraft:the_nether'...
[06:36:59] [Server thread/INFO]: Prepared spawn area in 1 ms
[06:36:59] [Server thread/INFO]: Loading 0 persistent chunks for level 'minecraft:the_end'...
[06:36:59] [Server thread/INFO]: Prepared spawn area in 0 ms
[06:36:59] [Server thread/INFO]: Done preparing level "world" (0.763s)
[06:36:59] [Server thread/INFO]: [Essentials] Enabling Essentials v2.22.0
[06:36:59] [Server thread/INFO]: [Essentials] Attempting to convert old kits in config.yml to new kits.yml
[06:36:59] [Server thread/INFO]: [Essentials] No kits found to migrate.
[06:36:59] [Server thread/INFO]: [Essentials] Selected Paper Tick Count Provider as the provider for TickCountProvider
[06:36:59] [Server thread/INFO]: [Essentials] Selected 1.11+ Item Unbreakable Provider as the provider for ItemUnbreakableProvider
[06:36:59] [Server thread/INFO]: [Essentials] Selected Paper Container Provider as the provider for ContainerProvider
[06:36:59] [Server thread/INFO]: [Essentials] Selected 1.20.6+ Potion Meta Provider as the provider for PotionMetaProvider
[06:36:59] [Server thread/INFO]: [Essentials] Selected Legacy Biome Name Provider as the provider for BiomeNameProvider
[06:36:59] [Server thread/INFO]: [Essentials] Selected Paper Biome Key Provider as the provider for BiomeKeyProvider
[06:36:59] [Server thread/INFO]: [Essentials] Selected Reflection Online Mode Provider as the provider for OnlineModeProvider
[06:36:59] [Server thread/INFO]: [Essentials] Selected Paper Material Tag Provider as the provider for MaterialTagProvider
[06:36:59] [Server thread/INFO]: [Essentials] Selected 1.12+ Spawner Block Provider as the provider for SpawnerBlockProvider
[06:36:59] [Server thread/INFO]: [Essentials] Selected 1.8.3+ Spawner Item Provider as the provider for SpawnerItemProvider
[06:36:59] [Server thread/INFO]: [Essentials] Selected 1.21.4+ Sync Commands Provider as the provider for SyncCommandsProvider
[06:36:59] [Server thread/INFO]: [Essentials] Selected 1.13+ Spawn Egg Provider as the provider for SpawnEggProvider
[06:36:59] [Server thread/INFO]: [Essentials] Selected Paper Server State Provider as the provider for ServerStateProvider
[06:36:59] [Server thread/INFO]: [Essentials] Selected Reflection Formatted Command Alias Provider as the provider for FormattedCommandAliasProvider
[06:36:59] [Server thread/INFO]: [Essentials] Selected 1.14.4+ Persistent Data Container Provider as the provider for PersistentDataProvider
[06:36:59] [Server thread/INFO]: [Essentials] Selected 1.20.5+ Banner Data Provider as the provider for BannerDataProvider
[06:36:59] [Server thread/INFO]: [Essentials] Selected 1.21+ InventoryView Interface ABI Provider as the provider for InventoryViewProvider
[06:36:59] [Server thread/INFO]: [Essentials] Selected 1.12.2+ Player Locale Provider as the provider for PlayerLocaleProvider
[06:36:59] [Server thread/INFO]: [Essentials] Selected Paper Serialization Provider as the provider for SerializationProvider
[06:36:59] [Server thread/INFO]: [Essentials] Selected Paper 1.13+ Tile Entity Provider as the provider for TileEntityProvider
[06:36:59] [Server thread/INFO]: [Essentials] Selected 1.20.4+ Damage Event Provider as the provider for DamageEventProvider
[06:36:59] [Server thread/INFO]: [Essentials] Selected 1.14+ Sign Data Provider as the provider for SignDataProvider
[06:36:59] [Server thread/INFO]: [Essentials] Selected Paper Known Commands Provider as the provider for KnownCommandsProvider
[06:36:59] [Server thread/INFO]: [Essentials] Selected 1.17.1+ World Info Provider as the provider for WorldInfoProvider
[06:36:59] [Server thread/INFO]: [Essentials] Loaded 46312 items from items.json.
[06:36:59] [Server thread/INFO]: [Essentials] Using locale en
[06:36:59] [Server thread/INFO]: [Essentials] ServerListPingEvent: Spigot iterator API
[06:37:00] [Server thread/INFO]: [Essentials] Starting Metrics. Opt-out using the global bStats config.
[06:37:00] [Server thread/WARN]: [Essentials] Detected supported permissions plugin LuckPerms without Vault installed.
[06:37:00] [Server thread/WARN]: [Essentials] Features such as chat prefixes/suffixes and group-related functionality will not work until you install Vault.
[06:37:00] [Server thread/INFO]: [Essentials] Using superperms-based permissions.
[06:37:00] [Server thread/INFO]: [GSit] Enabling GSit v3.4.2
[06:37:00] [Server thread/INFO]: [GSit] The plugin was successfully enabled.
[06:37:00] [Server thread/INFO]: [ClansLite] Enabling ClansLite v1.6.4
[06:37:00] [Folia Async Scheduler Thread #2/INFO]: [GSit] New version available: 3.5.1! Current version: 3.4.2! Download the latest version: https://modrinth.com/plugin/gsit
[06:37:00] [Server thread/INFO]: ClansLite:  -------------------------------------------
[06:37:00] [Server thread/INFO]: ClansLite:  Adventure Library hooked successfully!
[06:37:00] [Server thread/INFO]: ClansLite:  Loading data from local files
[06:37:00] [Server thread/INFO]: ClansLite:  -------------------------------------------
[06:37:00] [Server thread/INFO]: ClansLite:  All clans loaded from clans.yml successfully!
[06:37:00] [Server thread/INFO]: ClansLite:  -------------------------------------------
[06:37:00] [Server thread/INFO]: ClansLite:  All users loaded from usermap.yml successfully!
[06:37:00] [Server thread/INFO]: ClansLite:  -------------------------------------------
[06:37:00] [Server thread/INFO]: ClansLite:  Global GUI system enabled!
[06:37:00] [Server thread/INFO]: ClansLite:  Chest protection system enabled!
[06:37:00] [Server thread/INFO]: ClansLite:  -------------------------------------------
[06:37:00] [Server thread/INFO]: ClansLite:  PlaceholderAPI not found!
[06:37:00] [Server thread/INFO]: ClansLite:  External placeholders disabled!
[06:37:00] [Server thread/INFO]: ClansLite:  -------------------------------------------
[06:37:00] [Server thread/INFO]: ClansLite:  -------------------------------------------
[06:37:00] [Server thread/INFO]: ClansLite:  FloodgateApi not found!
[06:37:00] [Server thread/INFO]: ClansLite:  Bedrock support may not function!
[06:37:00] [Server thread/INFO]: ClansLite:  -------------------------------------------
[06:37:00] [Server thread/INFO]: ClansLite:  -------------------------------------------
[06:37:00] [Server thread/INFO]: ClansLite:  Plugin by: Loving11ish
[06:37:00] [Server thread/INFO]: ClansLite:  has been loaded successfully
[06:37:00] [Server thread/INFO]: ClansLite:  Plugin Version: 1.6.4
[06:37:00] [Server thread/INFO]: ClansLite:  -------------------------------------------
[06:37:00] [Server thread/INFO]: ClansLite:  -------------------------------------------
[06:37:00] [Server thread/INFO]: [AxGraves] Enabling AxGraves v1.29.0
[06:37:01] [Server thread/INFO]: [spark] Starting background profiler...
[06:37:01] [Server thread/INFO]: Saving chunks for level 'ServerLevel[world]'/minecraft:overworld
[06:37:01] [Server thread/INFO]: Saving chunks for level 'ServerLevel[world]'/minecraft:the_nether
[06:37:01] [Server thread/INFO]: Saving chunks for level 'ServerLevel[world]'/minecraft:the_end
[06:37:01] [Server thread/INFO]: ThreadedAnvilChunkStorage (world): All chunks are saved
[06:37:01] [Server thread/INFO]: ThreadedAnvilChunkStorage (DIM-1): All chunks are saved
[06:37:01] [Server thread/INFO]: ThreadedAnvilChunkStorage (DIM1): All chunks are saved
[06:37:01] [Server thread/INFO]: ThreadedAnvilChunkStorage: All dimensions are saved
[06:37:01] [Server thread/INFO]: Running delayed init tasks
[06:37:01] [Craft Scheduler Thread - 3 - Essentials/INFO]: [Essentials] Fetching version information...
[06:37:01] [Server thread/INFO]: Done (19.265s)! For help, type "help"
[06:37:02] [Craft Scheduler Thread - 0 - ClansLite/INFO]: ClansLite:  *-------------------------------------------*
[06:37:02] [Craft Scheduler Thread - 0 - ClansLite/INFO]: ClansLite:  Plugin is up to date!
[06:37:02] [Craft Scheduler Thread - 0 - ClansLite/INFO]: ClansLite:  *-------------------------------------------*
[06:37:02] [Paper Async Task Handler Thread - 1/INFO]: *** Currently you are 12 build(s) behind ***
[06:37:02] [Paper Async Task Handler Thread - 1/INFO]: *** It is highly recommended to download the latest build from https://papermc.io/downloads/paper ***
[06:37:06] [Craft Scheduler Thread - 0 - ClansLite/INFO]: ClansLite:  Auto save task has started.
[06:37:06] [Craft Scheduler Thread - 4 - ClansLite/INFO]: ClansLite:  Started top clan points cache update task.
[06:37:06] [Craft Scheduler Thread - 4 - ClansLite/INFO]: ClansLite:  Started top player points cache update task.
[06:37:06] [Craft Scheduler Thread - 3 - ClansLite/INFO]: ClansLite:  Auto invite wipe task has started.
[06:37:07] [Craft Scheduler Thread - 4 - ClansLite/INFO]: ClansLite:  Cleared all outstanding clan invites!
[06:37:10] [User Authenticator #0/INFO]: UUID of player jax2f is f75f1eb6-345a-365a-bbaa-2397f718c175
[06:37:10] [Server thread/INFO]: [HorriblePlayerLoginEventHack] You have plugins listening to the PlayerLoginEvent, this will cause re-configuration APIs to be unavailable: [LuckPerms]
[06:37:12] [Server thread/INFO]: jax2f joined the game
[06:37:12] [Server thread/INFO]: jax2f[/10.119.209.84:57673] logged in with entity id 1 at ([minecraft:overworld]-4187.300000011921, 91.41999998688698, -2378.8364666074094)
[06:37:12] [Craft Scheduler Thread - 4 - ClansLite/INFO]: ClansLite:  -------------------------------------------
[06:37:12] [Craft Scheduler Thread - 4 - ClansLite/INFO]: ClansLite:  EssentialsXAPI found!
[06:37:12] [Craft Scheduler Thread - 4 - ClansLite/INFO]: ClansLite:  Native EssentialsX Chat support enabled!
[06:37:12] [Craft Scheduler Thread - 4 - ClansLite/INFO]: ClansLite:  [warning] - EssentialsX is using Paper's AsyncChatEvent
[06:37:12] [Craft Scheduler Thread - 4 - ClansLite/INFO]: ClansLite:  [warning] - This WILL prevent the {CLAN} placeholder from working!
[06:37:12] [Craft Scheduler Thread - 4 - ClansLite/INFO]: ClansLite:  [info] - If you want to use EssentialsX chat with ClansLite,
[06:37:12] [Craft Scheduler Thread - 4 - ClansLite/INFO]: ClansLite:  [info] - Please disable the use of Paper's AsyncChatEvent in EssentialsX config.yml
[06:37:12] [Craft Scheduler Thread - 4 - ClansLite/INFO]: ClansLite:  [info] - Only PlaceholderAPI placeholders will work if the plugin is installed!
[06:37:12] [Craft Scheduler Thread - 4 - ClansLite/INFO]: ClansLite:  -------------------------------------------
[06:38:13] [User Authenticator #1/INFO]: UUID of player ricardopro12lojs is 5d90f48b-de20-327b-8c70-6ae3f2215b45
[06:38:14] [Server thread/INFO]: ricardopro12lojs joined the game
[06:38:14] [Server thread/INFO]: ricardopro12lojs[/10.119.209.27:60955] logged in with entity id 1023 at ([minecraft:overworld]-5541.559374969041, 17.0, -5641.357569921)
[06:38:15] [Server thread/WARN]: [ca.spottedleaf.moonrise.patches.chunk_system.level.entity.EntityLookup] Entity uuid already exists: 6f3e50ac-96e7-4a6a-9c36-0498405b1cf8, mapped to Bat['Bat'/1218, uuid='6f3e50ac-96e7-4a6a-9c36-0498405b1cf8', l='ServerLevel[world]', x=-5558.85, y=-7.52, z=-5568.22, cpos=[-348, -349], tl=0, v=true], can't add Bat['Bat'/1250, uuid='6f3e50ac-96e7-4a6a-9c36-0498405b1cf8', l='ServerLevel[world]', x=-5560.12, y=-7.13, z=-5566.36, cpos=[-348, -348], tl=0, v=false]
[06:44:24] [Server thread/INFO]: Environment: Environment[sessionHost=https://sessionserver.mojang.com, servicesHost=https://api.minecraftservices.com, profilesHost=https://api.mojang.com, name=PROD]
[06:44:24] [Server thread/INFO]: jax2f burned to death
[06:44:35] [Server thread/INFO]: jax2f issued server command: /home tree
[06:44:42] [Server thread/INFO]: jax2f issued server command: /home trade
[06:44:56] [User Authenticator #2/INFO]: UUID of player TixerMiner is 5a36786f-2473-3746-be89-c74aaec611db
[06:44:57] [Server thread/INFO]: TixerMiner joined the game
[06:44:57] [Server thread/INFO]: TixerMiner[/10.119.209.110:49975] logged in with entity id 4387 at ([minecraft:the_end]-2252.440227336783, 132.0, -4080.3482204048332)
[06:45:18] [Server thread/INFO]: jax2f issued server command: /home base
[06:45:33] [Server thread/INFO]: jax2f issued server command: /home trade
[06:46:22] [Server thread/INFO]: TixerMiner issued server command: /home casa
